✔ prashna engine and registry stay pure (3.473209ms)
✔ authored copy: guidance framing, no absolute claims, no fatality, no medical directive, no commerce (1.488375ms)
✔ registry: nine purposes, valid bhavas/karakas, honest source flags, non-empty ask forms (1.177541ms)
✔ every open answer: non-empty basis on every factor, chain and window; plain JSON; deterministic (24.654625ms)
✔ age gate matrix: closed purposes render NO reading for a 13-year-old; all open for an adult (3.823958ms)
✔ strength is counted from independent groups: one factor never renders प्रबल (0.20825ms)
✔ contradiction is shown: when resists exist the सार names the tension, and both columns fill (2.028375ms)
✔ timing is a dated window: current maha + antar always, a next relevant antar when one exists, never an event date (0.591916ms)
✔ swasthya never leaves constitution and routine, and always routes to a doctor (1.20575ms)
✔ dhan carries the not-financial-advice line in every strength (0.379584ms)
✔ a seated Tula-lagna chart reads विद्या as supported and names Saturn on both learning houses (0.538333ms)
✔ same chart changes its reading across Jupiter-Rahu and Saturn-Saturn (6.719625ms)
✔ node occupancy establishes relevance without inheriting difficult-house polarity (0.97325ms)
✔ every emitted lord, occupant and transit reference agrees with the chart (19.374083ms)
✔ the next boundary crosses into a new Mahadasha and uses half-open exact instants (1.301333ms)
✔ a fast Ask reading retains the same current phase as a full screen reading (1.946125ms)
✔ vedha removes support and Saturn keeps the Sun exception (0.519584ms)
✔ special transit aspects are counted from the transit house, not from the Moon (0.08375ms)
✔ duplicate natal support cannot manufacture a favourable current period; contradictions remain (0.477708ms)
✔ question priority changes the natal focus; pilot never leaks into minors or protected topics (0.850541ms)
ℹ tests 20
ℹ suites 0
ℹ pass 20
ℹ fail 0
ℹ cancelled 0
ℹ skipped 0
ℹ todo 0
ℹ duration_ms 368.9935
