WARNING: Final field parent in class maestro.cli.command.TestCommand has been mutated reflectively by class picocli.CommandLine$Model$FieldBinding in unnamed module @41e68d87 (file:/Users/prashant/.maestro/lib/picocli-4.6.3.jar)
WARNING: Use --enable-final-field-mutation=ALL-UNNAMED to avoid a warning
WARNING: Mutating final fields will be blocked in a future release unless final field mutation is enabled
WARNING: A restricted method in java.lang.System has been called
WARNING: java.lang.System::load has been called by org.fusesource.jansi.internal.JansiLoader in an unnamed module (file:/Users/prashant/.maestro/lib/jansi-2.4.1.jar)
WARNING: Use --enable-native-access=ALL-UNNAMED to avoid a warning for callers in this module
WARNING: Restricted methods will be blocked in a future release unless native access is enabled

Running on Vedansh-Prashna-QA - iOS 26.4 - 913FA15C-3750-4E34-97BA-A39A33410600
 > Flow prashna-phase-hi
Stop com.prashantsharma.vedansh... COMPLETED
Launch app "com.prashantsharma.vedansh" (launch arguments: {RCT_jsLocation=127.0.0.1:8084})... COMPLETED
Wait for animation to end within 30000 ms... COMPLETED
Scrolling DOWN until "Kundali. New. Tap to open." is visible with speed 40, visibility percentage 100%, timeout 20000 ms, with centering enabled... COMPLETED
Tap on "Kundali. New. Tap to open."... COMPLETED
Wait for animation to end... COMPLETED
Scrolling DOWN until id: jyotish-prashna-door is visible with speed 40, visibility percentage 100%, timeout 20000 ms, with centering enabled... COMPLETED
Tap on "Open Prashna"... COMPLETED
Assert that id: purpose-naukri is visible... COMPLETED
Tap on id: purpose-naukri... COMPLETED
Tap on id: question-job-switch... COMPLETED
Scrolling DOWN until id: prashna-phase is visible with speed 40, visibility percentage 100%, timeout 20000 ms, with centering enabled... COMPLETED
Wait for animation to end... COMPLETED
Take screenshot 01-current-phase... COMPLETED
Scrolling DOWN until id: phase-signal-dasha-antar is visible with speed 40, visibility percentage 100%, timeout 20000 ms, with centering enabled... COMPLETED
Take screenshot 02-why... COMPLETED
Scrolling DOWN until id: phase-direction is visible with speed 40, visibility percentage 100%, timeout 20000 ms, with centering enabled... COMPLETED
Take screenshot 03-guidance... COMPLETED
Scrolling DOWN until id: phase-next is visible with speed 40, visibility percentage 100%, timeout 20000 ms, with centering enabled... COMPLETED
Take screenshot 04-next-change... COMPLETED
Scrolling DOWN until id: prashna-basis-toggle is visible with speed 40, visibility percentage 100%, timeout 20000 ms, with centering enabled... COMPLETED
Tap on id: prashna-basis-toggle... COMPLETED
Scrolling DOWN until id: prashna-chain-0 is visible with speed 40, visibility percentage 100%, timeout 20000 ms, with centering enabled... COMPLETED
Take screenshot 05-basis... COMPLETED
