WARNING: Final field parent in class maestro.cli.command.TestCommand has been mutated reflectively by class picocli.CommandLine$Model$FieldBinding in unnamed module @41e68d87 (file:/Users/prashant/.maestro/lib/picocli-4.6.3.jar)
WARNING: Use --enable-final-field-mutation=ALL-UNNAMED to avoid a warning
WARNING: Mutating final fields will be blocked in a future release unless final field mutation is enabled
WARNING: A restricted method in java.lang.System has been called
WARNING: java.lang.System::load has been called by org.fusesource.jansi.internal.JansiLoader in an unnamed module (file:/Users/prashant/.maestro/lib/jansi-2.4.1.jar)
WARNING: Use --enable-native-access=ALL-UNNAMED to avoid a warning for callers in this module
WARNING: Restricted methods will be blocked in a future release unless native access is enabled

Running on Vedansh-Upanishad-QA - iOS 26.5 - 5799D1D7-B645-4613-8058-822E63009C0F
 > Flow vedansh-home-enlarged
Launch app "com.prashantsharma.vedansh"... COMPLETED
Tap on id: tab-more... COMPLETED
Scrolling DOWN until "Language,.*" is visible with speed 40, visibility percentage 100%, timeout 20000 ms, with centering enabled... COMPLETED
Tap on "Language,.*"... COMPLETED
Tap on "English"... COMPLETED
Tap on id: tab-home... COMPLETED
Scrolling UP until ".*Today.s Panchang.*" is visible with speed 40, visibility percentage 100%, timeout 20000 ms, with centering disabled... COMPLETED
Swiping in DOWN direction in 400 ms... COMPLETED
Wait for animation to end... COMPLETED
Take screenshot enlarged-english-home... COMPLETED
Scrolling DOWN until "Kundali\..*Tap to open\." is visible with speed 40, visibility percentage 100%, timeout 20000 ms, with centering enabled... COMPLETED
Wait for animation to end... COMPLETED
Take screenshot enlarged-english-grid... COMPLETED
Scrolling DOWN until "DISCOVER" is visible with speed 40, visibility percentage 100%, timeout 20000 ms, with centering enabled... COMPLETED
Wait for animation to end... COMPLETED
Take screenshot enlarged-english-discover... COMPLETED
Tap on id: tab-more... COMPLETED
Scrolling DOWN until "Language,.*" is visible with speed 40, visibility percentage 100%, timeout 20000 ms, with centering enabled... COMPLETED
Tap on "Language,.*"... COMPLETED
Tap on "Hindi"... COMPLETED
